{
    "Should run without failures": {
        "content": [
            {
                "0": [
                    "db_merge_samplesheet.csv:md5,1fd3f45e099ac16d374ed7fdabd71bf9"
                ],
                "db_merge_samplesheet": [
                    "db_merge_samplesheet.csv:md5,1fd3f45e099ac16d374ed7fdabd71bf9"
                ]
            }
        ],
        "meta": {
            "nf-test": "0.9.2",
            "nextflow": "25.04.6"
        },
        "timestamp": "2025-08-26T09:49:53.868393"
    }
}