{
    "Should run without failures": {
        "content": [
            {
                "0": [
                    "epitope_samplesheet.csv:md5,003b622039b1113f0944a63f4cd2608b"
                ],
                "epitope_samplesheet": [
                    "epitope_samplesheet.csv:md5,003b622039b1113f0944a63f4cd2608b"
                ]
            }
        ],
        "meta": {
            "nf-test": "0.9.2",
            "nextflow": "25.04.6"
        },
        "timestamp": "2025-08-20T15:20:32.709028"
    }
}