{
    "Should run without failures": {
        "content": [
            {
                "0": [
                    "hlatyping_samplesheet.csv:md5,7629aabda15b0cec9ce1e892ff66056b"
                ],
                "hlatyping_samplesheet": [
                    "hlatyping_samplesheet.csv:md5,7629aabda15b0cec9ce1e892ff66056b"
                ]
            }
        ],
        "meta": {
            "nf-test": "0.9.2",
            "nextflow": "25.04.6"
        },
        "timestamp": "2025-08-20T17:37:25.09358"
    }
}