{
    "Should run without failures": {
        "content": [
            {
                "0": [
                    "sarek_samplesheet.csv:md5,311725fd06d507098477681cbfb7c833"
                ],
                "sarek_samplesheet": [
                    "sarek_samplesheet.csv:md5,311725fd06d507098477681cbfb7c833"
                ]
            }
        ],
        "meta": {
            "nf-test": "0.9.2",
            "nextflow": "25.04.6"
        },
        "timestamp": "2025-08-21T09:41:06.81537"
    }
}