{
    "Should run without failures": {
        "content": [
            {
                "0": [
                    "sarek_samplesheet.csv:md5,a8fc2fba1558353f80155f912d478255"
                ],
                "sarek_samplesheet": [
                    "sarek_samplesheet.csv:md5,a8fc2fba1558353f80155f912d478255"
                ]
            }
        ],
        "meta": {
            "nf-test": "0.9.2",
            "nextflow": "25.04.6"
        },
        "timestamp": "2025-08-21T13:16:10.057696"
    }
}