{
    "Should run without failures": {
        "content": [
            {
                "0": [
                    "vcf_expression_annotator_samplesheet.csv:md5,5d0c2ba20e4c72228dc6d1a18f7d620c"
                ],
                "vcf_expression_annotator_samplesheet": [
                    "vcf_expression_annotator_samplesheet.csv:md5,5d0c2ba20e4c72228dc6d1a18f7d620c"
                ]
            }
        ],
        "meta": {
            "nf-test": "0.9.2",
            "nextflow": "25.04.6"
        },
        "timestamp": "2025-08-20T15:40:50.765621"
    }
}