{
    "Should run without failures": {
        "content": [
            {
                "0": [
                    "vcf_expression_annotator_samplesheet.csv:md5,05abd0f4b5fe24f6c7ced537c00a5c45"
                ],
                "vcf_expression_annotator_samplesheet": [
                    "vcf_expression_annotator_samplesheet.csv:md5,05abd0f4b5fe24f6c7ced537c00a5c45"
                ]
            }
        ],
        "meta": {
            "nf-test": "0.9.2",
            "nextflow": "25.04.6"
        },
        "timestamp": "2025-08-20T15:21:34.381572"
    }
}