{
    "Should run without failures": {
        "content": [
            {
                "0": [
                    "vcf_expression_annotator_samplesheet.csv:md5,0218ef0b3800974d4fe0b2bfbfe234d2"
                ],
                "vcf_expression_annotator_samplesheet": [
                    "vcf_expression_annotator_samplesheet.csv:md5,0218ef0b3800974d4fe0b2bfbfe234d2"
                ]
            }
        ],
        "meta": {
            "nf-test": "0.9.2",
            "nextflow": "25.04.6"
        },
        "timestamp": "2025-08-20T15:55:02.38151"
    }
}