{
    "Should run without failures": {
        "content": [
            {
                "0": [
                    "xengsort_samplesheet.csv:md5,9f28ae6194ac6d9829729d4ad37d6984"
                ],
                "xengsort_samplesheet": [
                    "xengsort_samplesheet.csv:md5,9f28ae6194ac6d9829729d4ad37d6984"
                ]
            }
        ],
        "meta": {
            "nf-test": "0.9.2",
            "nextflow": "25.04.6"
        },
        "timestamp": "2025-08-21T10:46:59.008723"
    }
}